deploy_infrastructure	Set up job	ï»¿2025-11-29T13:46:45.1112778Z Current runner version: '2.329.0'
deploy_infrastructure	Set up job	2025-11-29T13:46:45.1140229Z ##[group]Runner Image Provisioner
deploy_infrastructure	Set up job	2025-11-29T13:46:45.1141343Z Hosted Compute Agent
deploy_infrastructure	Set up job	2025-11-29T13:46:45.1142013Z Version: 20251016.436
deploy_infrastructure	Set up job	2025-11-29T13:46:45.1142699Z Commit: 8ab8ac8bfd662a3739dab9fe09456aba92132568
deploy_infrastructure	Set up job	2025-11-29T13:46:45.1143848Z Build Date: 2025-10-15T20:44:12Z
deploy_infrastructure	Set up job	2025-11-29T13:46:45.1144579Z ##[endgroup]
deploy_infrastructure	Set up job	2025-11-29T13:46:45.1145254Z ##[group]Operating System
deploy_infrastructure	Set up job	2025-11-29T13:46:45.1145944Z Ubuntu
deploy_infrastructure	Set up job	2025-11-29T13:46:45.1146542Z 24.04.3
deploy_infrastructure	Set up job	2025-11-29T13:46:45.1147135Z LTS
deploy_infrastructure	Set up job	2025-11-29T13:46:45.1147703Z ##[endgroup]
deploy_infrastructure	Set up job	2025-11-29T13:46:45.1148362Z ##[group]Runner Image
deploy_infrastructure	Set up job	2025-11-29T13:46:45.1149014Z Image: ubuntu-24.04
deploy_infrastructure	Set up job	2025-11-29T13:46:45.1149702Z Version: 20251112.124.1
deploy_infrastructure	Set up job	2025-11-29T13:46:45.1151403Z Included Software: https://github.com/actions/runner-images/blob/ubuntu24/20251112.124/images/ubuntu/Ubuntu2404-Readme.md
deploy_infrastructure	Set up job	2025-11-29T13:46:45.1152955Z Image Release: https://github.com/actions/runner-images/releases/tag/ubuntu24%2F20251112.124
deploy_infrastructure	Set up job	2025-11-29T13:46:45.1154767Z ##[endgroup]
deploy_infrastructure	Set up job	2025-11-29T13:46:45.1156188Z ##[group]GITHUB_TOKEN Permissions
deploy_infrastructure	Set up job	2025-11-29T13:46:45.1158216Z Contents: read
deploy_infrastructure	Set up job	2025-11-29T13:46:45.1159018Z Metadata: read
deploy_infrastructure	Set up job	2025-11-29T13:46:45.1159671Z Packages: read
deploy_infrastructure	Set up job	2025-11-29T13:46:45.1160380Z ##[endgroup]
deploy_infrastructure	Set up job	2025-11-29T13:46:45.1162601Z Secret source: Actions
deploy_infrastructure	Set up job	2025-11-29T13:46:45.1164080Z Prepare workflow directory
deploy_infrastructure	Set up job	2025-11-29T13:46:45.1577564Z Prepare all required actions
deploy_infrastructure	Set up job	2025-11-29T13:46:45.1616664Z Getting action download info
deploy_infrastructure	Set up job	2025-11-29T13:46:45.5234981Z Download action repository 'actions/checkout@v4' (SHA:34e114876b0b11c390a56381ad16ebd13914f8d5)
deploy_infrastructure	Set up job	2025-11-29T13:46:45.9189606Z Download action repository 'azure/login@v2' (SHA:a457da9ea143d694b1b9c7c869ebb04ebe844ef5)
deploy_infrastructure	Set up job	2025-11-29T13:46:46.1966946Z Download action repository 'azure/aks-set-context@v3' (SHA:4edaee69f820359371ee8bc85189ac03a21d3a58)
deploy_infrastructure	Set up job	2025-11-29T13:46:48.8912710Z Complete job name: deploy_infrastructure
deploy_infrastructure	Checkout code	ï»¿2025-11-29T13:46:48.9592647Z ##[group]Run actions/checkout@v4
deploy_infrastructure	Checkout code	2025-11-29T13:46:48.9593583Z with:
deploy_infrastructure	Checkout code	2025-11-29T13:46:48.9593973Z   repository: imrightguy/CloudToLocalLLM
deploy_infrastructure	Checkout code	2025-11-29T13:46:48.9594602Z   token: ***
deploy_infrastructure	Checkout code	2025-11-29T13:46:48.9594897Z   ssh-strict: true
deploy_infrastructure	Checkout code	2025-11-29T13:46:48.9595188Z   ssh-user: git
deploy_infrastructure	Checkout code	2025-11-29T13:46:48.9595491Z   persist-credentials: true
deploy_infrastructure	Checkout code	2025-11-29T13:46:48.9595818Z   clean: true
deploy_infrastructure	Checkout code	2025-11-29T13:46:48.9596120Z   sparse-checkout-cone-mode: true
deploy_infrastructure	Checkout code	2025-11-29T13:46:48.9596481Z   fetch-depth: 1
deploy_infrastructure	Checkout code	2025-11-29T13:46:48.9596769Z   fetch-tags: false
deploy_infrastructure	Checkout code	2025-11-29T13:46:48.9597086Z   show-progress: true
deploy_infrastructure	Checkout code	2025-11-29T13:46:48.9597394Z   lfs: false
deploy_infrastructure	Checkout code	2025-11-29T13:46:48.9597726Z   submodules: false
deploy_infrastructure	Checkout code	2025-11-29T13:46:48.9598044Z   set-safe-directory: true
deploy_infrastructure	Checkout code	2025-11-29T13:46:48.9598579Z env:
deploy_infrastructure	Checkout code	2025-11-29T13:46:48.9598903Z   AZURE_RESOURCE_GROUP: cloudtolocalllm-rg
deploy_infrastructure	Checkout code	2025-11-29T13:46:48.9599288Z   AZURE_CLUSTER_NAME: cloudtolocalllm-aks
deploy_infrastructure	Checkout code	2025-11-29T13:46:48.9599655Z   ACR_NAME: cloudtolocalllm
deploy_infrastructure	Checkout code	2025-11-29T13:46:48.9599968Z ##[endgroup]
deploy_infrastructure	Checkout code	2025-11-29T13:46:49.0714028Z Syncing repository: imrightguy/CloudToLocalLLM
deploy_infrastructure	Checkout code	2025-11-29T13:46:49.0715767Z ##[group]Getting Git version info
deploy_infrastructure	Checkout code	2025-11-29T13:46:49.0716335Z Working directory is '/home/runner/work/CloudToLocalLLM/CloudToLocalLLM'
deploy_infrastructure	Checkout code	2025-11-29T13:46:49.0717100Z [command]/usr/bin/git version
deploy_infrastructure	Checkout code	2025-11-29T13:46:49.0817292Z git version 2.51.2
deploy_infrastructure	Checkout code	2025-11-29T13:46:49.0849396Z ##[endgroup]
deploy_infrastructure	Checkout code	2025-11-29T13:46:49.0866885Z Temporarily overriding HOME='/home/runner/work/_temp/122cbea4-4f7d-4db7-99b1-7a250fe5ca77' before making global git config changes
deploy_infrastructure	Checkout code	2025-11-29T13:46:49.0868399Z Adding repository directory to the temporary git global config as a safe directory
deploy_infrastructure	Checkout code	2025-11-29T13:46:49.0885547Z [command]/usr/bin/git config --global --add safe.directory /home/runner/work/CloudToLocalLLM/CloudToLocalLLM
deploy_infrastructure	Checkout code	2025-11-29T13:46:49.0938105Z Deleting the contents of '/home/runner/work/CloudToLocalLLM/CloudToLocalLLM'
deploy_infrastructure	Checkout code	2025-11-29T13:46:49.0943624Z ##[group]Initializing the repository
deploy_infrastructure	Checkout code	2025-11-29T13:46:49.0950085Z [command]/usr/bin/git init /home/runner/work/CloudToLocalLLM/CloudToLocalLLM
deploy_infrastructure	Checkout code	2025-11-29T13:46:49.1078093Z hint: Using 'master' as the name for the initial branch. This default branch name
deploy_infrastructure	Checkout code	2025-11-29T13:46:49.1079167Z hint: is subject to change. To configure the initial branch name to use in all
deploy_infrastructure	Checkout code	2025-11-29T13:46:49.1079826Z hint: of your new repositories, which will suppress this warning, call:
deploy_infrastructure	Checkout code	2025-11-29T13:46:49.1080586Z hint:
deploy_infrastructure	Checkout code	2025-11-29T13:46:49.1081312Z hint: 	git config --global init.defaultBranch <name>
deploy_infrastructure	Checkout code	2025-11-29T13:46:49.1081937Z hint:
deploy_infrastructure	Checkout code	2025-11-29T13:46:49.1157221Z hint: Names commonly chosen instead of 'master' are 'main', 'trunk' and
deploy_infrastructure	Checkout code	2025-11-29T13:46:49.1158378Z hint: 'development'. The just-created branch can be renamed via this command:
deploy_infrastructure	Checkout code	2025-11-29T13:46:49.1159226Z hint:
deploy_infrastructure	Checkout code	2025-11-29T13:46:49.1159709Z hint: 	git branch -m <name>
deploy_infrastructure	Checkout code	2025-11-29T13:46:49.1160212Z hint:
deploy_infrastructure	Checkout code	2025-11-29T13:46:49.1160922Z hint: Disable this message with "git config set advice.defaultBranchName false"
deploy_infrastructure	Checkout code	2025-11-29T13:46:49.1162234Z Initialized empty Git repository in /home/runner/work/CloudToLocalLLM/CloudToLocalLLM/.git/
deploy_infrastructure	Checkout code	2025-11-29T13:46:49.1165125Z [command]/usr/bin/git remote add origin https://github.com/imrightguy/CloudToLocalLLM
deploy_infrastructure	Checkout code	2025-11-29T13:46:49.1167105Z ##[endgroup]
deploy_infrastructure	Checkout code	2025-11-29T13:46:49.1167967Z ##[group]Disabling automatic garbage collection
deploy_infrastructure	Checkout code	2025-11-29T13:46:49.1168804Z [command]/usr/bin/git config --local gc.auto 0
deploy_infrastructure	Checkout code	2025-11-29T13:46:49.1189382Z ##[endgroup]
deploy_infrastructure	Checkout code	2025-11-29T13:46:49.1190287Z ##[group]Setting up auth
deploy_infrastructure	Checkout code	2025-11-29T13:46:49.1197983Z [command]/usr/bin/git config --local --name-only --get-regexp core\.sshCommand
deploy_infrastructure	Checkout code	2025-11-29T13:46:49.1235480Z [command]/usr/bin/git submodule foreach --recursive sh -c "git config --local --name-only --get-regexp 'core\.sshCommand' && git config --local --unset-all 'core.sshCommand' || :"
deploy_infrastructure	Checkout code	2025-11-29T13:46:49.1645811Z [command]/usr/bin/git config --local --name-only --get-regexp http\.https\:\/\/github\.com\/\.extraheader
deploy_infrastructure	Checkout code	2025-11-29T13:46:49.1684052Z [command]/usr/bin/git submodule foreach --recursive sh -c "git config --local --name-only --get-regexp 'http\.https\:\/\/github\.com\/\.extraheader' && git config --local --unset-all 'http.https://github.com/.extraheader' || :"
deploy_infrastructure	Checkout code	2025-11-29T13:46:49.1940984Z [command]/usr/bin/git config --local --name-only --get-regexp ^includeIf\.gitdir:
deploy_infrastructure	Checkout code	2025-11-29T13:46:49.1974236Z [command]/usr/bin/git submodule foreach --recursive git config --local --show-origin --name-only --get-regexp remote.origin.url
deploy_infrastructure	Checkout code	2025-11-29T13:46:49.2217908Z [command]/usr/bin/git config --local http.https://github.com/.extraheader AUTHORIZATION: basic ***
deploy_infrastructure	Checkout code	2025-11-29T13:46:49.2256879Z ##[endgroup]
deploy_infrastructure	Checkout code	2025-11-29T13:46:49.2257513Z ##[group]Fetching the repository
deploy_infrastructure	Checkout code	2025-11-29T13:46:49.2265399Z [command]/usr/bin/git -c protocol.version=2 fetch --no-tags --prune --no-recurse-submodules --depth=1 origin +cb7f95472121f51976d44bd46b98c0a784a04861:refs/remotes/origin/main
deploy_infrastructure	Checkout code	2025-11-29T13:46:51.3678822Z From https://github.com/imrightguy/CloudToLocalLLM
deploy_infrastructure	Checkout code	2025-11-29T13:46:51.3712258Z  * [new ref]         cb7f95472121f51976d44bd46b98c0a784a04861 -> origin/main
deploy_infrastructure	Checkout code	2025-11-29T13:46:51.3714322Z ##[endgroup]
deploy_infrastructure	Checkout code	2025-11-29T13:46:51.3714790Z ##[group]Determining the checkout info
deploy_infrastructure	Checkout code	2025-11-29T13:46:51.3716926Z ##[endgroup]
deploy_infrastructure	Checkout code	2025-11-29T13:46:51.3722431Z [command]/usr/bin/git sparse-checkout disable
deploy_infrastructure	Checkout code	2025-11-29T13:46:51.3765769Z [command]/usr/bin/git config --local --unset-all extensions.worktreeConfig
deploy_infrastructure	Checkout code	2025-11-29T13:46:51.3792515Z ##[group]Checking out the ref
deploy_infrastructure	Checkout code	2025-11-29T13:46:51.3797364Z [command]/usr/bin/git checkout --progress --force -B main refs/remotes/origin/main
deploy_infrastructure	Checkout code	2025-11-29T13:46:51.6602934Z Switched to a new branch 'main'
deploy_infrastructure	Checkout code	2025-11-29T13:46:51.6604109Z branch 'main' set up to track 'origin/main'.
deploy_infrastructure	Checkout code	2025-11-29T13:46:51.6646191Z ##[endgroup]
deploy_infrastructure	Checkout code	2025-11-29T13:46:51.6687117Z [command]/usr/bin/git log -1 --format=%H
deploy_infrastructure	Checkout code	2025-11-29T13:46:51.6712581Z cb7f95472121f51976d44bd46b98c0a784a04861
deploy_infrastructure	Azure Login	ï»¿2025-11-29T13:46:51.6916661Z ##[group]Run azure/login@v2
deploy_infrastructure	Azure Login	2025-11-29T13:46:51.6917013Z with:
deploy_infrastructure	Azure Login	2025-11-29T13:46:51.6917974Z   creds: ***
deploy_infrastructure	Azure Login	2025-11-29T13:46:51.6918215Z   enable-AzPSSession: false
deploy_infrastructure	Azure Login	2025-11-29T13:46:51.6918478Z   environment: azurecloud
deploy_infrastructure	Azure Login	2025-11-29T13:46:51.6918932Z   allow-no-subscriptions: false
deploy_infrastructure	Azure Login	2025-11-29T13:46:51.6919230Z   audience: api://AzureADTokenExchange
deploy_infrastructure	Azure Login	2025-11-29T13:46:51.6919524Z   auth-type: SERVICE_PRINCIPAL
deploy_infrastructure	Azure Login	2025-11-29T13:46:51.6919766Z env:
deploy_infrastructure	Azure Login	2025-11-29T13:46:51.6919982Z   AZURE_RESOURCE_GROUP: cloudtolocalllm-rg
deploy_infrastructure	Azure Login	2025-11-29T13:46:51.6920294Z   AZURE_CLUSTER_NAME: cloudtolocalllm-aks
deploy_infrastructure	Azure Login	2025-11-29T13:46:51.6920582Z   ACR_NAME: cloudtolocalllm
deploy_infrastructure	Azure Login	2025-11-29T13:46:51.6920824Z ##[endgroup]
deploy_infrastructure	Azure Login	2025-11-29T13:46:51.7300490Z Running Azure CLI Login.
deploy_infrastructure	Azure Login	2025-11-29T13:47:11.9738808Z [command]/usr/bin/az cloud set -n azurecloud
deploy_infrastructure	Azure Login	2025-11-29T13:47:12.2058439Z Done setting cloud: "azurecloud"
deploy_infrastructure	Azure Login	2025-11-29T13:47:12.2061889Z Note: Azure/login action also supports OIDC login mechanism. Refer https://github.com/azure/login#configure-a-service-principal-with-a-federated-credential-to-use-oidc-based-authentication for more details.
deploy_infrastructure	Azure Login	2025-11-29T13:47:12.2064363Z Attempting Azure CLI login by using service principal with secret...
deploy_infrastructure	Azure Login	2025-11-29T13:47:13.4452592Z Subscription is set successfully.
deploy_infrastructure	Azure Login	2025-11-29T13:47:13.4453667Z Azure CLI login succeeds by using service principal with secret.
deploy_infrastructure	Get AKS credentials	ï»¿2025-11-29T13:47:13.4535262Z ##[group]Run azure/aks-set-context@v3
deploy_infrastructure	Get AKS credentials	2025-11-29T13:47:13.4535566Z with:
deploy_infrastructure	Get AKS credentials	2025-11-29T13:47:13.4535805Z   resource-group: cloudtolocalllm-rg
deploy_infrastructure	Get AKS credentials	2025-11-29T13:47:13.4536094Z   cluster-name: cloudtolocalllm-aks
deploy_infrastructure	Get AKS credentials	2025-11-29T13:47:13.4536350Z   admin: false
deploy_infrastructure	Get AKS credentials	2025-11-29T13:47:13.4536563Z   use-kubelogin: false
deploy_infrastructure	Get AKS credentials	2025-11-29T13:47:13.4536773Z env:
deploy_infrastructure	Get AKS credentials	2025-11-29T13:47:13.4536988Z   AZURE_RESOURCE_GROUP: cloudtolocalllm-rg
deploy_infrastructure	Get AKS credentials	2025-11-29T13:47:13.4537289Z   AZURE_CLUSTER_NAME: cloudtolocalllm-aks
deploy_infrastructure	Get AKS credentials	2025-11-29T13:47:13.4537571Z   ACR_NAME: cloudtolocalllm
deploy_infrastructure	Get AKS credentials	2025-11-29T13:47:13.4537800Z ##[endgroup]
deploy_infrastructure	Get AKS credentials	2025-11-29T13:47:13.4955980Z [command]/usr/bin/az aks get-credentials --resource-group cloudtolocalllm-rg --name cloudtolocalllm-aks -f /home/runner/work/_temp/kubeconfig_1764424033491
deploy_infrastructure	Get AKS credentials	2025-11-29T13:47:14.2961435Z WARNING: Merged "cloudtolocalllm-aks" as current context in /home/runner/work/_temp/kubeconfig_1764424033491
deploy_infrastructure	Setup ACR Integration	ï»¿2025-11-29T13:47:14.4089797Z ##[group]Run # Get Login Server (ACR assumed to exist or created in build steps)
deploy_infrastructure	Setup ACR Integration	2025-11-29T13:47:14.4090395Z [36;1m# Get Login Server (ACR assumed to exist or created in build steps)[0m
deploy_infrastructure	Setup ACR Integration	2025-11-29T13:47:14.4091007Z [36;1mecho "DOCKER_REGISTRY=$(az acr show --name cloudtolocalllm --query loginServer --output tsv)" >> $GITHUB_ENV[0m
deploy_infrastructure	Setup ACR Integration	2025-11-29T13:47:14.4127587Z shell: /usr/bin/bash -e {0}
deploy_infrastructure	Setup ACR Integration	2025-11-29T13:47:14.4127870Z env:
deploy_infrastructure	Setup ACR Integration	2025-11-29T13:47:14.4128111Z   AZURE_RESOURCE_GROUP: cloudtolocalllm-rg
deploy_infrastructure	Setup ACR Integration	2025-11-29T13:47:14.4128436Z   AZURE_CLUSTER_NAME: cloudtolocalllm-aks
deploy_infrastructure	Setup ACR Integration	2025-11-29T13:47:14.4128721Z   ACR_NAME: cloudtolocalllm
deploy_infrastructure	Setup ACR Integration	2025-11-29T13:47:14.4128969Z   AZURE_HTTP_USER_AGENT: 
deploy_infrastructure	Setup ACR Integration	2025-11-29T13:47:14.4129206Z   AZUREPS_HOST_ENVIRONMENT: 
deploy_infrastructure	Setup ACR Integration	2025-11-29T13:47:14.4129517Z   KUBECONFIG: /home/runner/work/_temp/kubeconfig_1764424033491
deploy_infrastructure	Setup ACR Integration	2025-11-29T13:47:14.4129937Z   KUBE_CONFIG_PATH: /home/runner/work/_temp/kubeconfig_1764424033491
deploy_infrastructure	Setup ACR Integration	2025-11-29T13:47:14.4130271Z ##[endgroup]
deploy_infrastructure	Ensure Namespace Exists	ï»¿2025-11-29T13:47:15.7736049Z ##[group]Run kubectl create namespace cloudtolocalllm --dry-run=client -o yaml | kubectl apply -f -
deploy_infrastructure	Ensure Namespace Exists	2025-11-29T13:47:15.7736802Z [36;1mkubectl create namespace cloudtolocalllm --dry-run=client -o yaml | kubectl apply -f -[0m
deploy_infrastructure	Ensure Namespace Exists	2025-11-29T13:47:15.7769075Z shell: /usr/bin/bash -e {0}
deploy_infrastructure	Ensure Namespace Exists	2025-11-29T13:47:15.7769338Z env:
deploy_infrastructure	Ensure Namespace Exists	2025-11-29T13:47:15.7769571Z   AZURE_RESOURCE_GROUP: cloudtolocalllm-rg
deploy_infrastructure	Ensure Namespace Exists	2025-11-29T13:47:15.7769881Z   AZURE_CLUSTER_NAME: cloudtolocalllm-aks
deploy_infrastructure	Ensure Namespace Exists	2025-11-29T13:47:15.7770181Z   ACR_NAME: cloudtolocalllm
deploy_infrastructure	Ensure Namespace Exists	2025-11-29T13:47:15.7770426Z   AZURE_HTTP_USER_AGENT: 
deploy_infrastructure	Ensure Namespace Exists	2025-11-29T13:47:15.7770665Z   AZUREPS_HOST_ENVIRONMENT: 
deploy_infrastructure	Ensure Namespace Exists	2025-11-29T13:47:15.7770995Z   KUBECONFIG: /home/runner/work/_temp/kubeconfig_1764424033491
deploy_infrastructure	Ensure Namespace Exists	2025-11-29T13:47:15.7771413Z   KUBE_CONFIG_PATH: /home/runner/work/_temp/kubeconfig_1764424033491
deploy_infrastructure	Ensure Namespace Exists	2025-11-29T13:47:15.7771792Z   DOCKER_REGISTRY: cloudtolocalllm.azurecr.io
deploy_infrastructure	Ensure Namespace Exists	2025-11-29T13:47:15.7772081Z ##[endgroup]
deploy_infrastructure	Ensure Namespace Exists	2025-11-29T13:47:18.8331294Z namespace/cloudtolocalllm unchanged
deploy_infrastructure	Create/Update Secrets	ï»¿2025-11-29T13:47:18.8394113Z ##[group]Run # --- Fetch Cloudflare Tunnel Token ---
deploy_infrastructure	Create/Update Secrets	2025-11-29T13:47:18.8394626Z [36;1m# --- Fetch Cloudflare Tunnel Token ---[0m
deploy_infrastructure	Create/Update Secrets	2025-11-29T13:47:18.8394999Z [36;1mTUNNEL_ID="ee26f195-904b-4406-a8ae-9265c9971004"[0m
deploy_infrastructure	Create/Update Secrets	2025-11-29T13:47:18.8395371Z [36;1mecho "Fetching token for tunnel ID: $TUNNEL_ID"[0m
deploy_infrastructure	Create/Update Secrets	2025-11-29T13:47:18.8395670Z [36;1m[0m
deploy_infrastructure	Create/Update Secrets	2025-11-29T13:47:18.8396185Z [36;1mTUNNEL_TOKEN=$(curl -s -X GET "https://api.cloudflare.com/client/v4/accounts/$CLOUDFLARE_ACCOUNT_ID/tunnels/$TUNNEL_ID/token" \[0m
deploy_infrastructure	Create/Update Secrets	2025-11-29T13:47:18.8396954Z [36;1m  -H "Authorization: ***" \[0m
deploy_infrastructure	Create/Update Secrets	2025-11-29T13:47:18.8397303Z [36;1m  -H "Content-Type: application/json" | jq -r '.result')[0m
deploy_infrastructure	Create/Update Secrets	2025-11-29T13:47:18.8397631Z [36;1m[0m
deploy_infrastructure	Create/Update Secrets	2025-11-29T13:47:18.8397908Z [36;1mif [ "$TUNNEL_TOKEN" == "null" ] || [ -z "$TUNNEL_TOKEN" ]; then[0m
deploy_infrastructure	Create/Update Secrets	2025-11-29T13:47:18.8398291Z [36;1m  echo "Error: Failed to fetch tunnel token"[0m
deploy_infrastructure	Create/Update Secrets	2025-11-29T13:47:18.8398586Z [36;1m  exit 1[0m
deploy_infrastructure	Create/Update Secrets	2025-11-29T13:47:18.8398783Z [36;1mfi[0m
deploy_infrastructure	Create/Update Secrets	2025-11-29T13:47:18.8399055Z [36;1mecho "Successfully fetched tunnel token."[0m
deploy_infrastructure	Create/Update Secrets	2025-11-29T13:47:18.8399338Z [36;1m[0m
deploy_infrastructure	Create/Update Secrets	2025-11-29T13:47:18.8399563Z [36;1m# --- Update Cloudflare DNS Records ---[0m
deploy_infrastructure	Create/Update Secrets	2025-11-29T13:47:18.8399876Z [36;1mZONE_NAME="cloudtolocalllm.online"[0m
deploy_infrastructure	Create/Update Secrets	2025-11-29T13:47:18.8400205Z [36;1mTUNNEL_CNAME="$TUNNEL_ID.cfargotunnel.com"[0m
deploy_infrastructure	Create/Update Secrets	2025-11-29T13:47:18.8400494Z [36;1m[0m
deploy_infrastructure	Create/Update Secrets	2025-11-29T13:47:18.8400718Z [36;1mecho "Fetching Zone ID for $ZONE_NAME..."[0m
deploy_infrastructure	Create/Update Secrets	2025-11-29T13:47:18.8401167Z [36;1mZONE_ID=$(curl -s -X GET "https://api.cloudflare.com/client/v4/zones?name=$ZONE_NAME" \[0m
deploy_infrastructure	Create/Update Secrets	2025-11-29T13:47:18.8401698Z [36;1m  -H "Authorization: ***" \[0m
deploy_infrastructure	Create/Update Secrets	2025-11-29T13:47:18.8402053Z [36;1m  -H "Content-Type: application/json" | jq -r '.result[0].id')[0m
deploy_infrastructure	Create/Update Secrets	2025-11-29T13:47:18.8402388Z [36;1m[0m
deploy_infrastructure	Create/Update Secrets	2025-11-29T13:47:18.8402633Z [36;1mif [ "$ZONE_ID" == "null" ] || [ -z "$ZONE_ID" ]; then[0m
deploy_infrastructure	Create/Update Secrets	2025-11-29T13:47:18.8403011Z [36;1m  echo "Error: Could not find Zone ID for $ZONE_NAME"[0m
deploy_infrastructure	Create/Update Secrets	2025-11-29T13:47:18.8403778Z [36;1m  exit 1[0m
deploy_infrastructure	Create/Update Secrets	2025-11-29T13:47:18.8403989Z [36;1mfi[0m
deploy_infrastructure	Create/Update Secrets	2025-11-29T13:47:18.8404176Z [36;1m[0m
deploy_infrastructure	Create/Update Secrets	2025-11-29T13:47:18.8404414Z [36;1m# Function to update or create CNAME record[0m
deploy_infrastructure	Create/Update Secrets	2025-11-29T13:47:18.8404722Z [36;1mupdate_dns_record() {[0m
deploy_infrastructure	Create/Update Secrets	2025-11-29T13:47:18.8404976Z [36;1m  local NAME=$1[0m
deploy_infrastructure	Create/Update Secrets	2025-11-29T13:47:18.8405217Z [36;1m  local CONTENT=$2[0m
deploy_infrastructure	Create/Update Secrets	2025-11-29T13:47:18.8405456Z [36;1m  local PROXIED=$3[0m
deploy_infrastructure	Create/Update Secrets	2025-11-29T13:47:18.8405683Z [36;1m  [0m
deploy_infrastructure	Create/Update Secrets	2025-11-29T13:47:18.8405982Z [36;1m  echo "Updating DNS record: $NAME -> $CONTENT (Proxied: $PROXIED)"[0m
deploy_infrastructure	Create/Update Secrets	2025-11-29T13:47:18.8406339Z [36;1m  [0m
deploy_infrastructure	Create/Update Secrets	2025-11-29T13:47:18.8406543Z [36;1m  # Check if record exists[0m
deploy_infrastructure	Create/Update Secrets	2025-11-29T13:47:18.8407088Z [36;1m  local RECORD_JSON=$(curl -s -X GET "https://api.cloudflare.com/client/v4/zones/$ZONE_ID/dns_records?type=CNAME&name=$NAME" \[0m
deploy_infrastructure	Create/Update Secrets	2025-11-29T13:47:18.8407723Z [36;1m    -H "Authorization: ***" \[0m
deploy_infrastructure	Create/Update Secrets	2025-11-29T13:47:18.8408033Z [36;1m    -H "Content-Type: application/json")[0m
deploy_infrastructure	Create/Update Secrets	2025-11-29T13:47:18.8408323Z [36;1m  [0m
deploy_infrastructure	Create/Update Secrets	2025-11-29T13:47:18.8408595Z [36;1m  local RECORD_ID=$(echo "$RECORD_JSON" | jq -r '.result[0].id')[0m
deploy_infrastructure	Create/Update Secrets	2025-11-29T13:47:18.8408927Z [36;1m  [0m
deploy_infrastructure	Create/Update Secrets	2025-11-29T13:47:18.8409171Z [36;1m  if [ "$RECORD_ID" != "null" ] && [ -n "$RECORD_ID" ]; then[0m
deploy_infrastructure	Create/Update Secrets	2025-11-29T13:47:18.8409522Z [36;1m     # Update existing[0m
deploy_infrastructure	Create/Update Secrets	2025-11-29T13:47:18.8409950Z [36;1m     curl -s -X PUT "https://api.cloudflare.com/client/v4/zones/$ZONE_ID/dns_records/$RECORD_ID" \[0m
deploy_infrastructure	Create/Update Secrets	2025-11-29T13:47:18.8410473Z [36;1m       -H "Authorization: ***" \[0m
deploy_infrastructure	Create/Update Secrets	2025-11-29T13:47:18.8410786Z [36;1m       -H "Content-Type: application/json" \[0m
deploy_infrastructure	Create/Update Secrets	2025-11-29T13:47:18.8411258Z [36;1m       --data "{\"type\":\"CNAME\",\"name\":\"$NAME\",\"content\":\"$CONTENT\",\"proxied\":$PROXIED,\"ttl\":1}" > /dev/null[0m
deploy_infrastructure	Create/Update Secrets	2025-11-29T13:47:18.8411683Z [36;1m  else[0m
deploy_infrastructure	Create/Update Secrets	2025-11-29T13:47:18.8411894Z [36;1m     # Create new[0m
deploy_infrastructure	Create/Update Secrets	2025-11-29T13:47:18.8412276Z [36;1m     curl -s -X POST "https://api.cloudflare.com/client/v4/zones/$ZONE_ID/dns_records" \[0m
deploy_infrastructure	Create/Update Secrets	2025-11-29T13:47:18.8413631Z [36;1m       -H "Authorization: ***" \[0m
deploy_infrastructure	Create/Update Secrets	2025-11-29T13:47:18.8413956Z [36;1m       -H "Content-Type: application/json" \[0m
deploy_infrastructure	Create/Update Secrets	2025-11-29T13:47:18.8414420Z [36;1m       --data "{\"type\":\"CNAME\",\"name\":\"$NAME\",\"content\":\"$CONTENT\",\"proxied\":$PROXIED,\"ttl\":1}" > /dev/null[0m
deploy_infrastructure	Create/Update Secrets	2025-11-29T13:47:18.8414852Z [36;1m  fi[0m
deploy_infrastructure	Create/Update Secrets	2025-11-29T13:47:18.8415041Z [36;1m}[0m
deploy_infrastructure	Create/Update Secrets	2025-11-29T13:47:18.8415224Z [36;1m[0m
deploy_infrastructure	Create/Update Secrets	2025-11-29T13:47:18.8415536Z [36;1mupdate_dns_record "app.cloudtolocalllm.online" "$TUNNEL_CNAME" true[0m
deploy_infrastructure	Create/Update Secrets	2025-11-29T13:47:18.8416014Z [36;1mupdate_dns_record "api.cloudtolocalllm.online" "$TUNNEL_CNAME" true[0m
deploy_infrastructure	Create/Update Secrets	2025-11-29T13:47:18.8416493Z [36;1mupdate_dns_record "cloudtolocalllm.online" "$TUNNEL_CNAME" true[0m
deploy_infrastructure	Create/Update Secrets	2025-11-29T13:47:18.8416868Z [36;1mecho "DNS records updated."[0m
deploy_infrastructure	Create/Update Secrets	2025-11-29T13:47:18.8417115Z [36;1m[0m
deploy_infrastructure	Create/Update Secrets	2025-11-29T13:47:18.8417412Z [36;1m# --- Create Kubernetes Secrets ---[0m
deploy_infrastructure	Create/Update Secrets	2025-11-29T13:47:18.8417699Z [36;1m[0m
deploy_infrastructure	Create/Update Secrets	2025-11-29T13:47:18.8417922Z [36;1m# Get ACR Admin Credentials[0m
deploy_infrastructure	Create/Update Secrets	2025-11-29T13:47:18.8418354Z [36;1mACR_ADMIN_USER=$(az acr credential show --name cloudtolocalllm --query username --output tsv)[0m
deploy_infrastructure	Create/Update Secrets	2025-11-29T13:47:18.8418999Z [36;1mACR_ADMIN_PASS=$(az acr credential show --name cloudtolocalllm --query passwords[0].value --output tsv)[0m
deploy_infrastructure	Create/Update Secrets	2025-11-29T13:47:18.8419458Z [36;1m[0m
deploy_infrastructure	Create/Update Secrets	2025-11-29T13:47:18.8419681Z [36;1m# Docker Registry Secret for ACR[0m
deploy_infrastructure	Create/Update Secrets	2025-11-29T13:47:18.8420005Z [36;1mkubectl create secret docker-registry regcred \[0m
deploy_infrastructure	Create/Update Secrets	2025-11-29T13:47:18.8420378Z [36;1m  --docker-server=cloudtolocalllm.azurecr.io \[0m
deploy_infrastructure	Create/Update Secrets	2025-11-29T13:47:18.8420715Z [36;1m  --docker-username=$ACR_ADMIN_USER \[0m
deploy_infrastructure	Create/Update Secrets	2025-11-29T13:47:18.8421062Z [36;1m  --docker-*** \[0m
deploy_infrastructure	Create/Update Secrets	2025-11-29T13:47:18.8421379Z [36;1m  --docker-email=github-actions@cloudtolocalllm.online \[0m
deploy_infrastructure	Create/Update Secrets	2025-11-29T13:47:18.8421821Z [36;1m  -n cloudtolocalllm --dry-run=client -o yaml | kubectl apply -f -[0m
deploy_infrastructure	Create/Update Secrets	2025-11-29T13:47:18.8422183Z [36;1m[0m
deploy_infrastructure	Create/Update Secrets	2025-11-29T13:47:18.8422378Z [36;1m# App Secrets[0m
deploy_infrastructure	Create/Update Secrets	2025-11-29T13:47:18.8422700Z [36;1mkubectl create secret generic cloudtolocalllm-secrets \[0m
deploy_infrastructure	Create/Update Secrets	2025-11-29T13:47:18.8423213Z [36;1m  --namespace cloudtolocalllm \[0m
deploy_infrastructure	Create/Update Secrets	2025-11-29T13:47:18.8423531Z [36;1m  --from-literal=postgres-user=cloud_admin \[0m
deploy_infrastructure	Create/Update Secrets	2025-11-29T13:47:18.8424225Z [36;1m  --from-literal=postgres-*** \[0m
deploy_infrastructure	Create/Update Secrets	2025-11-29T13:47:18.8443824Z [36;1m  --from-literal=jwt-secret="$JWT_SECRET" \[0m
deploy_infrastructure	Create/Update Secrets	2025-11-29T13:47:18.8444305Z [36;1m  --from-literal=auth0-domain='dev-v2f2p008x3dr74ww.us.auth0.com' \[0m
deploy_infrastructure	Create/Update Secrets	2025-11-29T13:47:18.8444834Z [36;1m  --from-literal=auth0-audience='https://api.cloudtolocalllm.online' \[0m
deploy_infrastructure	Create/Update Secrets	2025-11-29T13:47:18.8445352Z [36;1m  --from-literal=auth0-client-id='FuXPnevXpp311CdYHGsbNZe9t3D8Ts7A' \[0m
deploy_infrastructure	Create/Update Secrets	2025-11-29T13:47:18.8445830Z [36;1m  --from-literal=auth0-client-secret="$AUTH0_CLIENT_SECRET" \[0m
deploy_infrastructure	Create/Update Secrets	2025-11-29T13:47:18.8446295Z [36;1m  --from-literal=stripe-test-secret-key="$STRIPE_TEST_SECRET_KEY" \[0m
deploy_infrastructure	Create/Update Secrets	2025-11-29T13:47:18.8446828Z [36;1m  --from-literal=stripe-test-publishable-key="$STRIPE_TEST_PUBLISHABLE_KEY" \[0m
deploy_infrastructure	Create/Update Secrets	2025-11-29T13:47:18.8447372Z [36;1m  --from-literal=stripe-test-webhook-secret="$STRIPE_TEST_WEBHOOK_SECRET" \[0m
deploy_infrastructure	Create/Update Secrets	2025-11-29T13:47:18.8447874Z [36;1m  --from-literal=stripe-live-secret-key="$STRIPE_LIVE_SECRET_KEY" \[0m
deploy_infrastructure	Create/Update Secrets	2025-11-29T13:47:18.8448377Z [36;1m  --from-literal=stripe-live-publishable-key="$STRIPE_LIVE_PUBLISHABLE_KEY" \[0m
deploy_infrastructure	Create/Update Secrets	2025-11-29T13:47:18.8448903Z [36;1m  --from-literal=stripe-live-webhook-secret="$STRIPE_LIVE_WEBHOOK_SECRET" \[0m
deploy_infrastructure	Create/Update Secrets	2025-11-29T13:47:18.8449338Z [36;1m  --from-literal=sentry-dsn="$SENTRY_DSN" \[0m
deploy_infrastructure	Create/Update Secrets	2025-11-29T13:47:18.8449681Z [36;1m  --dry-run=client -o yaml | kubectl apply -f -[0m
deploy_infrastructure	Create/Update Secrets	2025-11-29T13:47:18.8449978Z [36;1m[0m
deploy_infrastructure	Create/Update Secrets	2025-11-29T13:47:18.8450192Z [36;1m# Cloudflare Tunnel Secret[0m
deploy_infrastructure	Create/Update Secrets	2025-11-29T13:47:18.8450525Z [36;1mkubectl create secret generic tunnel-credentials \[0m
deploy_infrastructure	Create/Update Secrets	2025-11-29T13:47:18.8450870Z [36;1m  --namespace cloudtolocalllm \[0m
deploy_infrastructure	Create/Update Secrets	2025-11-29T13:47:18.8451180Z [36;1m  --from-literal=token="$TUNNEL_TOKEN" \[0m
deploy_infrastructure	Create/Update Secrets	2025-11-29T13:47:18.8451813Z [36;1m  --dry-run=client -o yaml | kubectl apply -f -[0m
deploy_infrastructure	Create/Update Secrets	2025-11-29T13:47:18.8452108Z [36;1m[0m
deploy_infrastructure	Create/Update Secrets	2025-11-29T13:47:18.8452312Z [36;1m# Streaming Proxy Secret[0m
deploy_infrastructure	Create/Update Secrets	2025-11-29T13:47:18.8452679Z [36;1mkubectl create secret generic streaming-proxy-secrets \[0m
deploy_infrastructure	Create/Update Secrets	2025-11-29T13:47:18.8453174Z [36;1m  --namespace cloudtolocalllm \[0m
deploy_infrastructure	Create/Update Secrets	2025-11-29T13:47:18.8453487Z [36;1m  --from-literal=SENTRY_DSN="$SENTRY_DSN" \[0m
deploy_infrastructure	Create/Update Secrets	2025-11-29T13:47:18.8453850Z [36;1m  --dry-run=client -o yaml | kubectl apply -f -[0m
deploy_infrastructure	Create/Update Secrets	2025-11-29T13:47:18.8485847Z shell: /usr/bin/bash -e {0}
deploy_infrastructure	Create/Update Secrets	2025-11-29T13:47:18.8486109Z env:
deploy_infrastructure	Create/Update Secrets	2025-11-29T13:47:18.8486334Z   AZURE_RESOURCE_GROUP: cloudtolocalllm-rg
deploy_infrastructure	Create/Update Secrets	2025-11-29T13:47:18.8486658Z   AZURE_CLUSTER_NAME: cloudtolocalllm-aks
deploy_infrastructure	Create/Update Secrets	2025-11-29T13:47:18.8486943Z   ACR_NAME: cloudtolocalllm
deploy_infrastructure	Create/Update Secrets	2025-11-29T13:47:18.8487186Z   AZURE_HTTP_USER_AGENT: 
deploy_infrastructure	Create/Update Secrets	2025-11-29T13:47:18.8487434Z   AZUREPS_HOST_ENVIRONMENT: 
deploy_infrastructure	Create/Update Secrets	2025-11-29T13:47:18.8487746Z   KUBECONFIG: /home/runner/work/_temp/kubeconfig_1764424033491
deploy_infrastructure	Create/Update Secrets	2025-11-29T13:47:18.8488172Z   KUBE_CONFIG_PATH: /home/runner/work/_temp/kubeconfig_1764424033491
deploy_infrastructure	Create/Update Secrets	2025-11-29T13:47:18.8488553Z   DOCKER_REGISTRY: cloudtolocalllm.azurecr.io
deploy_infrastructure	Create/Update Secrets	2025-11-29T13:47:18.8488935Z   POSTGRES_PASSWORD: ***
deploy_infrastructure	Create/Update Secrets	2025-11-29T13:47:18.8489312Z   JWT_SECRET: ***
deploy_infrastructure	Create/Update Secrets	2025-11-29T13:47:18.8489522Z   AUTH0_CLIENT_SECRET: 
deploy_infrastructure	Create/Update Secrets	2025-11-29T13:47:18.8489773Z   STRIPE_TEST_SECRET_KEY: ***
deploy_infrastructure	Create/Update Secrets	2025-11-29T13:47:18.8490064Z   STRIPE_TEST_PUBLISHABLE_KEY: ***
deploy_infrastructure	Create/Update Secrets	2025-11-29T13:47:18.8490352Z   STRIPE_TEST_WEBHOOK_SECRET: ***
deploy_infrastructure	Create/Update Secrets	2025-11-29T13:47:18.8490608Z   STRIPE_LIVE_SECRET_KEY: 
deploy_infrastructure	Create/Update Secrets	2025-11-29T13:47:18.8490845Z   STRIPE_LIVE_PUBLISHABLE_KEY: 
deploy_infrastructure	Create/Update Secrets	2025-11-29T13:47:18.8491091Z   STRIPE_LIVE_WEBHOOK_SECRET: 
deploy_infrastructure	Create/Update Secrets	2025-11-29T13:47:18.8491579Z   SENTRY_DSN: ***
deploy_infrastructure	Create/Update Secrets	2025-11-29T13:47:18.8491844Z   ACR_USERNAME: ***
deploy_infrastructure	Create/Update Secrets	2025-11-29T13:47:18.8492150Z   ACR_PASSWORD: ***
deploy_infrastructure	Create/Update Secrets	2025-11-29T13:47:18.8492455Z   CLOUDFLARE_API_TOKEN: ***
deploy_infrastructure	Create/Update Secrets	2025-11-29T13:47:18.8492697Z   CLOUDFLARE_ACCOUNT_ID: 
deploy_infrastructure	Create/Update Secrets	2025-11-29T13:47:18.8492933Z ##[endgroup]
deploy_infrastructure	Create/Update Secrets	2025-11-29T13:47:18.8542315Z Fetching token for tunnel ID: ee26f195-904b-4406-a8ae-9265c9971004
deploy_infrastructure	Create/Update Secrets	2025-11-29T13:47:18.9157306Z Error: Failed to fetch tunnel token
deploy_infrastructure	Create/Update Secrets	2025-11-29T13:47:18.9171135Z ##[error]Process completed with exit code 1.
deploy_infrastructure	Post Azure Login	ï»¿2025-11-29T13:47:18.9246071Z Post job cleanup.
deploy_infrastructure	Post Azure Login	2025-11-29T13:47:18.9653265Z Clearing azure cli accounts from the local cache.
deploy_infrastructure	Post Azure Login	2025-11-29T13:47:18.9662113Z [command]/usr/bin/az account clear
deploy_infrastructure	Post Checkout code	ï»¿2025-11-29T13:47:19.6071428Z Post job cleanup.
deploy_infrastructure	Post Checkout code	2025-11-29T13:47:19.7043397Z [command]/usr/bin/git version
deploy_infrastructure	Post Checkout code	2025-11-29T13:47:19.7082083Z git version 2.51.2
deploy_infrastructure	Post Checkout code	2025-11-29T13:47:19.7126996Z Temporarily overriding HOME='/home/runner/work/_temp/f4125d0e-22c0-45ec-a7de-5a95a70d2541' before making global git config changes
deploy_infrastructure	Post Checkout code	2025-11-29T13:47:19.7128380Z Adding repository directory to the temporary git global config as a safe directory
deploy_infrastructure	Post Checkout code	2025-11-29T13:47:19.7142298Z [command]/usr/bin/git config --global --add safe.directory /home/runner/work/CloudToLocalLLM/CloudToLocalLLM
deploy_infrastructure	Post Checkout code	2025-11-29T13:47:19.7180063Z [command]/usr/bin/git config --local --name-only --get-regexp core\.sshCommand
deploy_infrastructure	Post Checkout code	2025-11-29T13:47:19.7214297Z [command]/usr/bin/git submodule foreach --recursive sh -c "git config --local --name-only --get-regexp 'core\.sshCommand' && git config --local --unset-all 'core.sshCommand' || :"
deploy_infrastructure	Post Checkout code	2025-11-29T13:47:19.7460552Z [command]/usr/bin/git config --local --name-only --get-regexp http\.https\:\/\/github\.com\/\.extraheader
deploy_infrastructure	Post Checkout code	2025-11-29T13:47:19.7486997Z http.https://github.com/.extraheader
deploy_infrastructure	Post Checkout code	2025-11-29T13:47:19.7500799Z [command]/usr/bin/git config --local --unset-all http.https://github.com/.extraheader
deploy_infrastructure	Post Checkout code	2025-11-29T13:47:19.7536779Z [command]/usr/bin/git submodule foreach --recursive sh -c "git config --local --name-only --get-regexp 'http\.https\:\/\/github\.com\/\.extraheader' && git config --local --unset-all 'http.https://github.com/.extraheader' || :"
deploy_infrastructure	Post Checkout code	2025-11-29T13:47:19.7767948Z [command]/usr/bin/git config --local --name-only --get-regexp ^includeIf\.gitdir:
deploy_infrastructure	Post Checkout code	2025-11-29T13:47:19.7801966Z [command]/usr/bin/git submodule foreach --recursive git config --local --show-origin --name-only --get-regexp remote.origin.url
deploy_infrastructure	Complete job	ï»¿2025-11-29T13:47:19.8138590Z Cleaning up orphan processes
